[2026-05-27 13:26:01] SQLSTATE[42S22]: Column not found: 1054 Unknown column 'a.user_id' in 'on clause' in C:\xampp\htdocs\mssht\includes\student-auth.php:120
#0 C:\xampp\htdocs\mssht\includes\student-auth.php(120): PDO->prepare('SELECT a.*, u.i...')
#1 C:\xampp\htdocs\mssht\tools\test-applicant-portal.php(10): createApplicantPortalAccount(2)
#2 {main}
[2026-05-27 16:57:23] SQLSTATE[42S22]: Column not found: 1054 Unknown column 'first_name' in 'field list' in C:\xampp\htdocs\mssht\modules\users\edit.php:123
#0 C:\xampp\htdocs\mssht\modules\users\edit.php(123): PDO->query('SELECT id, emai...')
#1 {main}
[2026-05-27 16:57:45] SQLSTATE[42S22]: Column not found: 1054 Unknown column 'first_name' in 'field list' in C:\xampp\htdocs\mssht\modules\users\edit.php:123
#0 C:\xampp\htdocs\mssht\modules\users\edit.php(123): PDO->query('SELECT id, emai...')
#1 {main}
[2026-05-28 13:53:46] SQLSTATE[42000]: Syntax error or access violation: 1064 You have an error in your SQL syntax; check the manual that corresponds to your MariaDB server version for the right syntax to use near '?' at line 1 in C:\xampp\htdocs\mssht\scripts\seed_120_students.php:26
#0 C:\xampp\htdocs\mssht\scripts\seed_120_students.php(26): PDO->prepare('SHOW TABLES LIK...')
#1 C:\xampp\htdocs\mssht\scripts\seed_120_students.php(90): tableExists(Object(PDO), 'staff')
#2 C:\xampp\htdocs\mssht\scripts\seed_120_students.php(339): ensureStaffRoleUser(Object(PDO), 'registrar', 'seed.registrar', 'Seed', 'Registrar', 'SR-0001', 'Academic Regist...', 'Registrar')
#3 {main}
[2026-05-28 17:16:06] Call to undefined function tableExists() in C:\xampp\htdocs\mssht\scripts\verify_seed.php:10
#0 {main}
[2026-05-28 17:16:56] SQLSTATE[42S22]: Column not found: 1054 Unknown column 'amount' in 'field list' in C:\xampp\htdocs\mssht\scripts\verify_seed.php:27
#0 C:\xampp\htdocs\mssht\scripts\verify_seed.php(27): PDO->query('SELECT id, invo...')
#1 {main}
